// Jest Snapshot v1, https://goo.gl/fbAQLP

exports[`Nav Nav container/component should match the snapshot 1`] = `
<nav
  className="nav"
>
  <div
    id="logo"
  />
  <h1
    id="title"
  >
    LemonWire
  </h1>
  <h2
    id="welcome-message"
  >
    Welcome 
    !
  </h2>
  <div
    id="user-avatar"
  />
  <button
    className="logout-button"
    onClick={[Function]}
  >
    Logout
  </button>
</nav>
`;
