// Jest Snapshot v1, https://goo.gl/fbAQLP

exports[`MovieDetails MovieDetails container/component should match the snapshot 1`] = `
<article
  className="movie-details-container"
>
  <img
    alt="movie backdrop"
    className="movie-backdrop"
  />
  <div
    className="movie-details"
  >
    <Link
      to="/"
    >
      <button
        className="close-button"
      >
        X
      </button>
    </Link>
    <h1
      className="movie-title"
    >
      Sonic the Hedgehog
    </h1>
    <p>
      February 10, 2020
    </p>
    <p
      className="movie-overview"
    />
    <div
      className="rating-container"
    >
      <select
        id="rating-dropbox"
        onChange={[Function]}
      >
        <option
          value={null}
        >
          rate!
        </option>
        <option
          value={1}
        >
          1
        </option>
        <option
          value={2}
        >
          2
        </option>
        <option
          value={3}
        >
          3
        </option>
        <option
          value={4}
        >
          4
        </option>
        <option
          value={5}
        >
          5
        </option>
        <option
          value={6}
        >
          6
        </option>
        <option
          value={7}
        >
          7
        </option>
        <option
          value={8}
        >
          8
        </option>
        <option
          value={9}
        >
          9
        </option>
        <option
          value={10}
        >
          10
        </option>
      </select>
      <button
        className="submit-rating-button"
        onClick={[Function]}
      >
        submit rating
      </button>
    </div>
    <p
      className="movie-number"
    >
      average rating: 
    </p>
  </div>
</article>
`;
